../Core/Src/main.c:83:19:UART_SendString	24	static
../Core/Src/main.c:88:6:readTime	32	static
../Core/Src/main.c:93:6:readAcceleration	24	static
../Core/Src/main.c:109:6:readQuaternion	24	static
../Core/Src/main.c:129:6:quaternionToEuler	24	static
../Core/Src/main.c:136:6:computeRelativePosition	32	static
../Core/Src/main.c:150:5:main	232	static
../Core/Src/main.c:232:6:SystemClock_Config	96	static
../Core/Src/main.c:282:13:MX_I2C1_Init	8	static
../Core/Src/main.c:330:13:MX_USART2_UART_Init	8	static
../Core/Src/main.c:365:13:MX_GPIO_Init	48	static
../Core/Src/main.c:405:6:Error_Handler	4	static,ignoring_inline_asm
